ace <-- ale <-- all <-- aal <-- aah

case <-- base <-- bast <-- best <-- test

No path found from compute to program

cat <-- bat <-- bag <-- bug

No path found from computer to programs

fast <-- fist <-- fiat <-- flat <-- flaw <-- flow <-- slow

angel <-- anger <-- auger <-- luger <-- leger <-- lever <-- level <-- devel <-- devil


takes 10 sec (BS - 5 sec)