mascot <-- mascon <-- gascon <-- garcon <-- garron <-- marron <-- macron <-- macros <-- machos <-- maches <-- baches <-- bached <-- backed <-- banked <-- banged <-- bunged <-- bungee <-- bungle <-- bundle <-- buddle <-- huddle <-- hurdle <-- hurtle <-- turtle

No path found from aahing to aaliis

fungus <-- fundus <-- fondus <-- fondue <-- fondle <-- hondle <-- handle <-- candle <-- cantle <-- cattle <-- cattie <-- pattie <-- pattee <-- patter <-- tatter <-- tarter <-- tartar <-- tartan <-- partan <-- parton <-- parson <-- person <-- pereon <-- hereon <-- herein <-- heroin <-- heroic

brewing <-- crewing <-- chewing <-- chowing <-- choking <-- cooking <-- corking <-- carking <-- parking <-- perking <-- jerking <-- jerkins <-- jerkies <-- jerkier <-- perkier <-- peakier <-- peatier <-- platier <-- platter <-- planter <-- planted <-- planked <-- plinked <-- slinked <-- slicked <-- slicker <-- shicker <-- whicker <-- whisker <-- whiskey


This takes about 3 mins