money <-- coney <-- cones <-- conns <-- coons <-- clons <-- clone <-- alone <-- atone <-- stone

paper <-- paler <-- pales <-- peles <-- pelts <-- peats <-- prats <-- prate <-- grate <-- grape <-- graph

parol <-- carol <-- carob <-- cabob <-- kabob <-- kabab <-- kabar <-- kebar <-- debar <-- dewar <-- sewar <-- sowar <-- solar <-- bolar <-- bolas <-- bolts <-- boats <-- blats <-- blate <-- blaze <-- braze <-- brave

babies <-- rabies <-- ramies <-- ramees <-- rakees <-- rakers <-- sakers <-- sayers <-- shyers <-- sheers <-- sheets <-- sleets <-- sleeps <-- sleepy

noodle <-- noddle <-- coddle <-- cuddle <-- buddle <-- bundle <-- bungle <-- bungee <-- bunged <-- binged <-- binges <-- bingos <-- pingos <-- pintos <-- pintas <-- pinnas <-- pinnal <-- pineal <-- lineal <-- linear


This takes about 1 min 25sec. (BS - 9 sec)